2026-10-02 20:21:12 | INFO     | __main__:processar_ano:238 - 🔄 Processando demonstrações contábeis de 2024...
2026-10-02 20:21:12 | INFO     | __main__:extract_zips:69 - 📦 Extraindo 4 arquivos ZIP de 2024...
2026-10-02 20:21:12 | INFO     | __main__:extract_zips:72 - 🔓 Extraindo 1T2024.zip...
2026-10-02 20:21:12 | SUCCESS  | __main__:extract_zips:89 - ✅ 1T2024.zip → 1T2024.csv (57498 KB)
2026-10-02 20:21:12 | INFO     | __main__:extract_zips:72 - 🔓 Extraindo 2T2024.zip...
2026-10-02 20:21:12 | SUCCESS  | __main__:extract_zips:89 - ✅ 2T2024.zip → 2T2024.csv (60940 KB)
2026-10-02 20:21:12 | INFO     | __main__:extract_zips:72 - 🔓 Extraindo 3T2024.zip...
2026-10-02 20:21:12 | SUCCESS  | __main__:extract_zips:89 - ✅ 3T2024.zip → 3T2024.csv (62287 KB)
2026-10-02 20:21:12 | INFO     | __main__:extract_zips:72 - 🔓 Extraindo 4T2024.zip...
2026-10-02 20:21:13 | SUCCESS  | __main__:extract_zips:89 - ✅ 4T2024.zip → 4T2024.csv (79716 KB)
2026-10-02 20:21:13 | INFO     | __main__:processar_ano:251 - 📊 Processando 1T2024...
2026-10-02 20:21:13 | INFO     | __main__:processar_ano:254 -    Total de linhas: 689,695
2026-10-02 20:21:14 | INFO     | __main__:processar_ano:258 -    Gastos assistenciais: 2,543 linhas
2026-10-02 20:21:14 | INFO     | __main__:processar_ano:251 - 📊 Processando 2T2024...
2026-10-02 20:21:15 | INFO     | __main__:processar_ano:254 -    Total de linhas: 708,106
2026-10-02 20:21:16 | INFO     | __main__:processar_ano:258 -    Gastos assistenciais: 2,490 linhas
2026-10-02 20:21:16 | INFO     | __main__:processar_ano:251 - 📊 Processando 3T2024...
2026-10-02 20:21:17 | INFO     | __main__:processar_ano:254 -    Total de linhas: 721,821
2026-10-02 20:21:18 | INFO     | __main__:processar_ano:258 -    Gastos assistenciais: 2,535 linhas
2026-10-02 20:21:18 | INFO     | __main__:processar_ano:251 - 📊 Processando 4T2024...
2026-10-02 20:21:19 | INFO     | __main__:processar_ano:254 -    Total de linhas: 942,370
2026-10-02 20:21:21 | INFO     | __main__:processar_ano:258 -    Gastos assistenciais: 2,819 linhas
2026-10-02 20:21:21 | INFO     | __main__:processar_ano:272 - 🔗 Consolidando 4 trimestres...
2026-10-02 20:21:21 | INFO     | __main__:processar_ano:286 - 🔗 Juntando com CADOP...
2026-10-02 20:21:21 | SUCCESS  | __main__:_load_cadop:216 - ✅ CADOP carregado: 1180 operadoras
2026-10-02 20:21:21 | ERROR    | __main__:main:368 - ❌ Erro fatal: 'REG_ANS'
2026-10-02 20:24:27 | INFO     | __main__:processar_ano:197 - 🔄 Processando demonstrações contábeis de 2024...
2026-10-02 20:24:27 | INFO     | __main__:extract_zips:43 - 📦 Extraindo 4 arquivos ZIP de 2024...
2026-10-02 20:24:27 | INFO     | __main__:extract_zips:46 - 🔓 Extraindo 1T2024.zip...
2026-10-02 20:24:27 | SUCCESS  | __main__:extract_zips:60 - ✅ 1T2024.zip → 4T2024.csv (79716 KB)
2026-10-02 20:24:27 | INFO     | __main__:extract_zips:46 - 🔓 Extraindo 2T2024.zip...
2026-10-02 20:24:27 | SUCCESS  | __main__:extract_zips:60 - ✅ 2T2024.zip → 4T2024.csv (79716 KB)
2026-10-02 20:24:27 | INFO     | __main__:extract_zips:46 - 🔓 Extraindo 3T2024.zip...
2026-10-02 20:24:28 | SUCCESS  | __main__:extract_zips:60 - ✅ 3T2024.zip → 4T2024.csv (79716 KB)
2026-10-02 20:24:28 | INFO     | __main__:extract_zips:46 - 🔓 Extraindo 4T2024.zip...
2026-10-02 20:24:28 | SUCCESS  | __main__:extract_zips:60 - ✅ 4T2024.zip → 4T2024.csv (79716 KB)
2026-10-02 20:24:28 | INFO     | __main__:processar_ano:210 - 📊 Processando 4T2024...
2026-10-02 20:24:29 | INFO     | __main__:processar_ano:213 -    Total de linhas: 942,370
2026-10-02 20:24:30 | INFO     | __main__:processar_ano:216 -    Gastos assistenciais: 2,819 linhas
2026-10-02 20:24:30 | INFO     | __main__:processar_ano:210 - 📊 Processando 4T2024...
2026-10-02 20:24:31 | INFO     | __main__:processar_ano:213 -    Total de linhas: 942,370
2026-10-02 20:24:33 | INFO     | __main__:processar_ano:216 -    Gastos assistenciais: 2,819 linhas
2026-10-02 20:24:33 | INFO     | __main__:processar_ano:210 - 📊 Processando 4T2024...
2026-10-02 20:24:33 | INFO     | __main__:processar_ano:213 -    Total de linhas: 942,370
2026-10-02 20:24:35 | INFO     | __main__:processar_ano:216 -    Gastos assistenciais: 2,819 linhas
2026-10-02 20:24:35 | INFO     | __main__:processar_ano:210 - 📊 Processando 4T2024...
2026-10-02 20:24:36 | INFO     | __main__:processar_ano:213 -    Total de linhas: 942,370
2026-10-02 20:24:37 | INFO     | __main__:processar_ano:216 -    Gastos assistenciais: 2,819 linhas
2026-10-02 20:24:37 | INFO     | __main__:processar_ano:229 - 🔗 Consolidando 4 trimestres...
2026-10-02 20:24:38 | ERROR    | __main__:main:320 - ❌ Erro fatal: Passing 'suffixes' which cause duplicate columns {'gasto_4T2024_x'} is not allowed.
